<!-- coco confirmation -->
<h1>Coco â€“ Co-Contents</h1>
<form method="post">
  <input type="hidden" name="xh_csrf_token" value="eee5e668b3bcc9b71a9e4cc1aa76393f">
  <p class="xh_warning">The contents of the following co-contents will be migrated!</p>
  <ul>
    <li>foo</li>
  </ul>
  <p><button name="coco_do" value="migrate">Migrate</button></p>
</form>
